// Vitest Snapshot v1

exports[`Hello World component > should mount correctly 1`] = `
"<section data-v-5fa18d52=\\"\\" class=\\"example-showcase\\">
  <div data-v-5fa18d52=\\"\\" class=\\"el-table--fit el-table--enable-row-hover el-table--enable-row-transition el-table el-table--layout-fixed\\" style=\\"width: 100%;\\" data-prefix=\\"el\\">
    <div class=\\"el-table__inner-wrapper\\">
      <div class=\\"hidden-columns\\">
        <div data-v-5fa18d52=\\"\\" tooltip-effect=\\"dark\\"></div>
        <div data-v-5fa18d52=\\"\\" tooltip-effect=\\"dark\\"></div>
        <div data-v-5fa18d52=\\"\\" tooltip-effect=\\"dark\\"></div>
        <div data-v-5fa18d52=\\"\\"></div>
        <div data-v-5fa18d52=\\"\\"></div>
      </div>
      <div class=\\"el-table__header-wrapper\\">
        <table class=\\"el-table__header\\" border=\\"0\\" cellpadding=\\"0\\" cellspacing=\\"0\\">
          <colgroup></colgroup>
          <thead class=\\"\\">
            <tr class=\\"\\"></tr>
          </thead>
        </table>
      </div>
      <div class=\\"el-table__body-wrapper\\">
        <div class=\\"el-scrollbar\\">
          <div class=\\"el-scrollbar__wrap el-scrollbar__wrap--hidden-default\\">
            <div class=\\"el-scrollbar__view\\" style=\\"display: inline-block; vertical-align: middle;\\">
              <table class=\\"el-table__body\\" cellspacing=\\"0\\" cellpadding=\\"0\\" border=\\"0\\" style=\\"table-layout: fixed;\\">
                <colgroup></colgroup>
                <!--v-if-->
                <tbody>
                  <tr class=\\"el-table__row\\"></tr>
                  <tr class=\\"el-table__row\\"></tr>
                </tbody>
              </table>
              <!--v-if-->
              <!--v-if-->
            </div>
          </div>
          <transition-stub name=\\"el-scrollbar-fade\\" appear=\\"false\\" persisted=\\"true\\" css=\\"true\\">
            <div class=\\"el-scrollbar__bar is-horizontal\\" style=\\"display: none;\\">
              <div class=\\"el-scrollbar__thumb\\" style=\\"width: 0px; transform: translateX(0%);\\"></div>
            </div>
          </transition-stub>
          <transition-stub name=\\"el-scrollbar-fade\\" appear=\\"false\\" persisted=\\"true\\" css=\\"true\\">
            <div class=\\"el-scrollbar__bar is-vertical\\" style=\\"display: none;\\">
              <div class=\\"el-scrollbar__thumb\\" style=\\"height: 0px; transform: translateY(0%);\\"></div>
            </div>
          </transition-stub>
        </div>
      </div>
      <!--v-if-->
      <!--v-if-->
    </div>
    <div class=\\"el-table__column-resize-proxy\\" style=\\"display: none;\\"></div>
  </div>
</section>"
`;
